2003.10.03 11:32 B C:\Modèles de base\public_html\doc\Pub_new.doc --> pascal.enst.fr /cal/users/egsh/lebart/public_html Pub_new.doc
2003.11.13 19:06 B C:\Modèles de base\public_html\doc\Pub_new_small.htm --> pascal.enst.fr /cal/users/egsh/lebart/public_html/doc Pub_new_small.htm
2003.12.31 14:50 B C:\Modèles de base.31.12.03\public2_html\doc\Ludo.JPG --> hades.enst.fr /www/hosted/enst_web/pages/egsh/lebart/infographie/doc Ludo.JPG
2003.12.31 14:50 B C:\Modèles de base.31.12.03\public2_html\doc\Pub_new_small.doc --> hades.enst.fr /www/hosted/enst_web/pages/egsh/lebart/infographie/doc Pub_new_small.doc
2003.12.31 14:50 B C:\Modèles de base.31.12.03\public2_html\doc\Pub_new_small.htm --> hades.enst.fr /www/hosted/enst_web/pages/egsh/lebart/infographie/doc Pub_new_small.htm
2003.12.31 14:50 B C:\Modèles de base.31.12.03\public2_html\doc\Pub_new_small.htm.bak --> hades.enst.fr /www/hosted/enst_web/pages/egsh/lebart/infographie/doc Pub_new_small.htm.bak
2003.12.31 14:50 B C:\Modèles de base.31.12.03\public2_html\doc\WS_FTP.LOG --> hades.enst.fr /www/hosted/enst_web/pages/egsh/lebart/infographie/doc WS_FTP.LOG
2003.12.31 14:57 B C:\Modèles de base.31.12.03\public2_html\doc\Ludo.JPG --> hades.enst.fr /www/hosted/enst_web/pages/egsh/lebart/doc Ludo.JPG
2003.12.31 14:57 B C:\Modèles de base.31.12.03\public2_html\doc\Pub_new_small.doc --> hades.enst.fr /www/hosted/enst_web/pages/egsh/lebart/doc Pub_new_small.doc
2003.12.31 14:57 B C:\Modèles de base.31.12.03\public2_html\doc\Pub_new_small.htm --> hades.enst.fr /www/hosted/enst_web/pages/egsh/lebart/doc Pub_new_small.htm
2003.12.31 14:57 B C:\Modèles de base.31.12.03\public2_html\doc\Pub_new_small.htm.bak --> hades.enst.fr /www/hosted/enst_web/pages/egsh/lebart/doc Pub_new_small.htm.bak
2003.12.31 14:57 B C:\Modèles de base.31.12.03\public2_html\doc\WS_FTP.LOG --> hades.enst.fr /www/hosted/enst_web/pages/egsh/lebart/doc WS_FTP.LOG
2004.01.02 13:55 B C:\Modèles de base.31.12.03\public2_html\doc\Pub_new_small.htm --> hades.enst.fr /www/hosted/enst_web/pages/egsh/lebart/doc Pub_new_small.htm
2004.01.06 16:39 B C:\Modèles de base.31.12.03\public2_html\doc\CARME-2003.P.pdf --> hades.enst.fr /www/hosted/enst_web/pages/egsh/lebart/doc CARME-2003.P.pdf
2004.01.06 16:39 B C:\Modèles de base.31.12.03\public2_html\doc\Classif.text.Roma98.pdf --> hades.enst.fr /www/hosted/enst_web/pages/egsh/lebart/doc Classif.text.Roma98.pdf
2004.01.06 16:39 B C:\Modèles de base.31.12.03\public2_html\doc\compstat96.pdf --> hades.enst.fr /www/hosted/enst_web/pages/egsh/lebart/doc compstat96.pdf
2004.01.06 16:39 B C:\Modèles de base.31.12.03\public2_html\doc\Contig.Bock.2003.pdf --> hades.enst.fr /www/hosted/enst_web/pages/egsh/lebart/doc Contig.Bock.2003.pdf
2004.01.06 16:39 B C:\Modèles de base.31.12.03\public2_html\doc\imps_2003.P.pdf --> hades.enst.fr /www/hosted/enst_web/pages/egsh/lebart/doc imps_2003.P.pdf
2004.01.06 16:39 B C:\Modèles de base.31.12.03\public2_html\doc\JMRA_semio.2002.P.pdf --> hades.enst.fr /www/hosted/enst_web/pages/egsh/lebart/doc JMRA_semio.2002.P.pdf
2004.01.06 16:39 B C:\Modèles de base.31.12.03\public2_html\doc\lebart-chavenon-6.P.pdf --> hades.enst.fr /www/hosted/enst_web/pages/egsh/lebart/doc lebart-chavenon-6.P.pdf
2004.01.06 16:39 B C:\Modèles de base.31.12.03\public2_html\doc\LEBART_IFCS.Kobe.1997.pdf --> hades.enst.fr /www/hosted/enst_web/pages/egsh/lebart/doc LEBART_IFCS.Kobe.1997.pdf
2004.01.06 16:39 B C:\Modèles de base.31.12.03\public2_html\doc\Lebart_Modulad.contiguite.2001.pdf --> hades.enst.fr /www/hosted/enst_web/pages/egsh/lebart/doc Lebart_Modulad.contiguite.2001.pdf
2004.01.06 16:39 B C:\Modèles de base.31.12.03\public2_html\doc\MOD97.pdf --> hades.enst.fr /www/hosted/enst_web/pages/egsh/lebart/doc MOD97.pdf
2004.01.06 16:39 B C:\Modèles de base.31.12.03\public2_html\doc\Pub_new_small.doc --> hades.enst.fr /www/hosted/enst_web/pages/egsh/lebart/doc Pub_new_small.doc
2004.01.06 16:39 B C:\Modèles de base.31.12.03\public2_html\doc\SFC_2003.P.pdf --> hades.enst.fr /www/hosted/enst_web/pages/egsh/lebart/doc SFC_2003.P.pdf
2004.01.06 16:39 B C:\Modèles de base.31.12.03\public2_html\doc\Textual-Pamplona.P.pdf --> hades.enst.fr /www/hosted/enst_web/pages/egsh/lebart/doc Textual-Pamplona.P.pdf
